// Jest Snapshot v1, https://goo.gl/fbAQLP

exports[`NavBar render the NavBar component 1`] = `undefined`;
