// Jest Snapshot v1, https://goo.gl/fbAQLP

exports[`Share render the Share component 1`] = `ShallowWrapper {}`;
