// Jest Snapshot v1, https://goo.gl/fbAQLP

exports[`Footer render the Footer component 1`] = `ShallowWrapper {}`;
