// Jest Snapshot v1, https://goo.gl/fbAQLP

exports[`Contact render the Contact component 1`] = `ShallowWrapper {}`;
