// Jest Snapshot v1, https://goo.gl/fbAQLP

exports[`Header render the Header component 1`] = `undefined`;
